CGTN,http://free.cnlive.club/channel/2708082f.m3u8
广东影视,http://free.cnlive.club/channel/n2afb37ab.m3u8
&FlixHD,https://t.freetv.fun/live/skysport3-nz-fhd.m3u8
潮州民生,http://free.cnlive.club/channel/n230c08ff.m3u8
&FlixHD,https://t.freetv.fun/live/koogi-tv.m3u8
潮州综合,http://free.cnlive.club/channel/n2309dfa1.m3u8
&FlixHD,https://t.freetv.fun/live/star-movie-selected-3.ts
Plus综合,http://free.cnlive.club/channel/6429ae4c.m3u8
&FlixHD,https://t.freetv.fun/live/dou-yu-di-wu-ren-ge-1.m3u8
凤凰卫视,http://free.cnlive.club/channel/n496e6eec.m3u8
&FlixHD,https://t.freetv.fun/live/tv-novo-tempo.m3u8
凤凰资讯,http://free.cnlive.club/channel/n4966a4fb.m3u8
&FlixHD,https://t.freetv.fun/live/sony-movies-channel.m3u8
凤凰香港,http://free.cnlive.club/channel/n49654430.m3u8
&FlixHD,https://t.freetv.fun/live/laos-planet-tv-1.m3u8
有线新闻,http://free.cnlive.club/channel/7289243e.m3u8
&FlixHD,https://t.freetv.fun/live/sky-sportspremier-league-uk.m3u8
无线新闻,http://free.cnlive.club/channel/n3fad9608.m3u8
&FlixHD,https://t.freetv.fun/live/sony-sports-ten-1-1.ts
无线翡翠,http://free.cnlive.club/channel/n7549189d.m3u8
&FlixHD,https://t.freetv.fun/live/tnt-sports-3-4mbps-for-4g.m3u8
无线华丽,http://free.cnlive.club/channel/n177a7044.m3u8
&FlixHD,https://t.freetv.fun/live/us-nbc-sports-washington.m3u8
无线明珠,http://free.cnlive.club/channel/n75ab7db0.m3u8
&FlixHD,https://t.freetv.fun/live/us-nbc-sports-chicago.m3u8
无线娱乐新闻,http://free.cnlive.club/channel/nac85e88.m3u8
&FlixHD,https://t.freetv.fun/live/digital-congo-tv.m3u8
千禧经典,http://free.cnlive.club/channel/n1ab8717e.m3u8
&FlixHD,https://t.freetv.fun/live/reshet-13-comedy.m3u8
VIUTV'粤,http://free.cnlive.club/channel/78204936.m3u8
&FlixHD,https://t.freetv.fun/live/a21-vital-autosport.m3u8
VIUTV'英,http://free.cnlive.club/channel/necd2834.m3u8
&FlixHD,https://t.freetv.fun/live/vtvcab-20-v-family.m3u8
RTHK-31,http://free.cnlive.club/channel/n8badbb5.m3u8
&FlixHD,https://t.freetv.fun/live/mwd-movies.m3u8
RTHK-32,http://free.cnlive.club/channel/n8badbb4.m3u8
&FlixHD,https://t.freetv.fun/live/supertoons-fr.m3u8
美亚电影,http://free.cnlive.club/channel/5824ef5e.m3u8
&FlixHD,https://t.freetv.fun/live/fx-movie-channel-1-1.m3u8
天映频道,http://free.cnlive.club/channel/n7e466c41.m3u8
&FlixHD,https://t.freetv.fun/live/dungeons-dragons-adventures.m3u8
天映频道,http://free.cnlive.club/channel/5150b0a1.m3u8
&FlixHD,https://t.freetv.fun/live/kinowood.m3u8
天映经典,http://free.cnlive.club/channel/n7e49c99a.m3u8
&FlixHD,https://t.freetv.fun/live/animation-show-channel.m3u8
Astro爱奇艺,http://free.cnlive.club/channel/n367ccbbb.m3u8
&FlixHD,https://t.freetv.fun/live/alba-xxx-1.m3u8
Astro QJ,http://free.cnlive.club/channel/n2d0f5476.m3u8
&FlixHD,https://t.freetv.fun/live/dove-tv.m3u8
Astro AOD,http://free.cnlive.club/channel/fa50a06.m3u8
&FlixHD,https://t.freetv.fun/live/22scope-news.m3u8
Astro AEC,http://free.cnlive.club/channel/36f451f2.m3u8
&TV,https://t.freetv.fun/live/love-boat-1-1.m3u8
Astro 欢喜,http://free.cnlive.club/channel/n129801d1.m3u8
&TV,https://t.freetv.fun/live/wggs-dt2.m3u8
中天新闻,http://free.cnlive.club/channel/41d8a09d.m3u8
1+1 Ukraine,https://t.freetv.fun/live/samuel-goldwyn-films.m3u8
中天新闻台,http://free.cnlive.club/channel/n3ee59a96.m3u8
100 TV,https://t.freetv.fun/live/tv-100-2.m3u8
中天娱乐,http://free.cnlive.club/channel/41d6f491.m3u8
100 TV,https://t.freetv.fun/live/tv-100-3.m3u8
中天综合,http://free.cnlive.club/channel/41db6ede.m3u8
11 канал,https://t.freetv.fun/live/10-kanal.m3u8
中天亚洲,http://free.cnlive.club/channel/41d5ac2a.m3u8
11 канал,https://t.freetv.fun/live/10-kanal-1.m3u8
寰宇新闻,http://free.cnlive.club/channel/n43c34be8.m3u8
112 Украина,https://t.freetv.fun/live/tv-flow.m3u8
寰宇财经,http://free.cnlive.club/channel/n4332074a.m3u8
12 КАНАЛ ОМСК,https://t.freetv.fun/live/12-kanal-1.m3u8
东森新闻,http://free.cnlive.club/channel/n88aa83.m3u8
1HD Russia,https://t.freetv.fun/live/dw-russian.m3u8
东森综合,http://free.cnlive.club/channel/n31b0a4.m3u8
1HD Russia,https://t.freetv.fun/live/dw-russian-1.m3u8
东森戏剧,http://free.cnlive.club/channel/n9e78d0.m3u8
2016 EURO 1,https://t.freetv.fun/live/cna-4.m3u8
东森洋片,http://free.cnlive.club/channel/n7160b4.m3u8
24 Kitchen,https://t.freetv.fun/live/hell-s-kitchen.m3u8
东森电影,http://free.cnlive.club/channel/n5502f4.m3u8
24 Kitchen,https://t.freetv.fun/live/hell-s-kitchen-1.m3u8
东森幼幼,http://free.cnlive.club/channel/naa6d18.m3u8
24 Kitchen,https://t.freetv.fun/live/hell-s-kitchen-germany.m3u8
东森超视,http://free.cnlive.club/channel/4210df69.m3u8
24 Kitchen,https://t.freetv.fun/live/hell-s-kitchen-italy.m3u8
东森财经,http://free.cnlive.club/channel/209f9e70.m3u8
24 Kitchen,https://t.freetv.fun/live/hell-s-kitchen-2.m3u8
tvbs,http://free.cnlive.club/channel/154f9d73.m3u8
24 Kitchen,https://t.freetv.fun/live/kitchen-battles.m3u8
tvbs欢乐,http://free.cnlive.club/channel/n69c10b55.m3u8
24 Kitchen,https://t.freetv.fun/live/america-s-test-kitchen-1.m3u8
tvbs新闻,http://free.cnlive.club/channel/n69ccce92.m3u8
24 Kitchen,https://t.freetv.fun/live/america-s-test-kitchen-1.m3u8
年代新闻,http://free.cnlive.club/channel/49184630.m3u8
24 Kitchen,https://t.freetv.fun/live/hell-s-kitchen-1080p.m3u8
非凡新闻,http://free.cnlive.club/channel/6302a884.m3u8
24 Kitchen,https://t.freetv.fun/live/hell-s-kitchen-3.m3u8
中视新闻,http://free.cnlive.club/channel/428f1dfa.m3u8
24 Kitchen,https://t.freetv.fun/live/hell-s-kitchen-4.m3u8
中视,http://free.cnlive.club/channel/dc53f4d.m3u8
24 Kitchen,https://t.freetv.fun/live/kitchen-battles-1.m3u8
中视经典,http://free.cnlive.club/channel/4291e438.m3u8
24 Kitchen,https://t.freetv.fun/live/hells-kitchen.m3u8
公视,http://free.cnlive.club/channel/3b838b0c.m3u8
24 Kitchen,https://t.freetv.fun/live/america-s-test-kitchen-1-1.m3u8
公视台语,http://free.cnlive.club/channel/3ccf6783.m3u8
24 Kitchen,https://t.freetv.fun/live/hell-s-kitchen-5.m3u8
民视,http://free.cnlive.club/channel/n4d0434cf.m3u8
24 Kitchen,https://t.freetv.fun/live/kitchen-battles-2.m3u8
民视台湾台,http://free.cnlive.club/channel/n4bbbe8c9.m3u8
24 Kitchen,https://t.freetv.fun/live/hells-kitchen-1.m3u8
民视新闻,http://free.cnlive.club/channel/n4b747ee6.m3u8
24 Kitchen,https://t.freetv.fun/live/america-s-test-kitchen-2.m3u8
华视,http://free.cnlive.club/channel/560bcbee.m3u8
24 Канал,https://t.freetv.fun/live/43-kanal.m3u8
台视新闻,http://free.cnlive.club/channel/452d9d57.m3u8
24 Канал,https://t.freetv.fun/live/4-kanal.m3u8
台视,http://free.cnlive.club/channel/5ef6ab90.m3u8
24 Канал,https://t.freetv.fun/live/kanal-2.m3u8
台视综合,http://free.cnlive.club/channel/45306b98.m3u8
24 Канал,https://t.freetv.fun/live/4-kanal-1.m3u8
八大第一,http://free.cnlive.club/channel/2733018a.m3u8
24Horas Noticias,https://t.freetv.fun/live/24horas-hd.m3u8
八大综合,http://free.cnlive.club/channel/27420c52.m3u8
2x2 Ukraine,https://t.freetv.fun/live/fresh-news-1.m3u8
八大戏剧,http://free.cnlive.club/channel/26d54426.m3u8
2x2 Ukraine,https://t.freetv.fun/live/2x2.m3u8
八大娱乐,http://free.cnlive.club/channel/26b73cff.m3u8
2x2 Ukraine,https://t.freetv.fun/live/2x2-1.m3u8
华艺综合,http://free.cnlive.club/channel/5af2eef0.m3u8
2x2 Ukraine,https://t.freetv.fun/live/2x2-2.m3u8
AXN电影,http://free.cnlive.club/channel/n4e27c899.m3u8
2x2 Ukraine,https://t.freetv.fun/live/2x2-3.m3u8
CInemax,http://free.cnlive.club/channel/7c7a1311.m3u8
2x2 Ukraine,https://t.freetv.fun/live/2x2-4.m3u8
HBo高清,http://free.cnlive.club/channel/2d329e1c.m3u8
2x2 Ukraine,https://t.freetv.fun/live/2x2-6.m3u8
HBo家庭,http://free.cnlive.club/channel/n54fc5ba0.m3u8
360 TV Argentina,https://t.freetv.fun/live/terra-mater-wild-english.m3u8
好莱电影,http://free.cnlive.club/channel/n2db95de5.m3u8
360 north,https://t.freetv.fun/live/beverly-hills-90210-2.m3u8
龙华经典,http://free.cnlive.club/channel/66c892d4.m3u8
365 дней,https://t.freetv.fun/live/365-dnei-1.m3u8
龙华戏剧,http://free.cnlive.club/channel/66c51883.m3u8
365 дней,https://t.freetv.fun/live/365-dnei-2.php
龙华偶像,http://free.cnlive.club/channel/66c2f564.m3u8
44 Noticias,https://t.freetv.fun/live/latina-noticias.m3u8
龙华洋片,http://free.cnlive.club/channel/66c68ce7.m3u8
44 Noticias,https://t.freetv.fun/live/adn-noticias.m3u8
龙华电影,http://free.cnlive.club/channel/66c77727.m3u8
44 Noticias,https://t.freetv.fun/live/adn-noticias-1.m3u8
龙祥电影,http://free.cnlive.club/channel/67548a4f.m3u8
5 Plus,https://t.freetv.fun/live/cctv-5-plus.m3u8
纬来电影,http://free.cnlive.club/channel/581b458b.m3u8
5USA UK,https://t.freetv.fun/live/5usa-uk-s.m3u8
纬来日本,http://free.cnlive.club/channel/58197296.m3u8
7 канал (Одесса),https://t.freetv.fun/live/piatyi-kanal.m3u8
纬来体育,http://free.cnlive.club/channel/5816d06e.m3u8
7 канал (Одесса),https://t.freetv.fun/live/7-kanal.m3u8
纬来综合,http://free.cnlive.club/channel/581c693b.m3u8
7 канал (Одесса),https://t.freetv.fun/live/5-kanal.m3u8
纬来育乐,http://free.cnlive.club/channel/581c988d.m3u8
7 канал (Одесса),https://t.freetv.fun/live/israel-9tv-kanal.m3u8
纬来精彩,http://free.cnlive.club/channel/581c2f1a.m3u8
7 канал (Одесса),https://t.freetv.fun/live/piatyi-kanal-1.m3u8
靖天国际,http://free.cnlive.club/channel/63189371.m3u8
7 канал (Одесса),https://t.freetv.fun/live/piatyi-kanal-2.m3u8
靖天卡通,http://free.cnlive.club/channel/63181d62.m3u8
7 канал (Одесса),https://t.freetv.fun/live/piatyi-kanal-4.m3u8
大爱壹台,http://free.cnlive.club/channel/46f9ba85.m3u8
8 Video Calabria Crotone,https://t.freetv.fun/live/video.m3u8
大爱贰台,http://free.cnlive.club/channel/46f0bf6e.m3u8
9 ВОЛНА,https://t.freetv.fun/live/9-volna.m3u8
好消息贰,http://free.cnlive.club/channel/n5e3decc0.m3u8
9X TASHAN,https://t.freetv.fun/live/9x-tashan.m3u8
三立台湾台,http://free.cnlive.club/channel/642f20a.m3u8
9X TASHAN,https://t.freetv.fun/live/9x-tashan-1.m3u8
三立戏剧,http://free.cnlive.club/channel/6748da0.m3u8
9X TASHAN,https://t.freetv.fun/live/9x-tashan-2.m3u8
三立综合,http://free.cnlive.club/channel/6e155cc.m3u8
9XM India,https://t.freetv.fun/live/9xm-1.m3u8
三立都会,http://free.cnlive.club/channel/72452bb.m3u8
A BOLA TV 1 PT,https://t.freetv.fun/live/tv-1.m3u8
ELta影剧,http://free.cnlive.club/channel/n2109392b.m3u8
A PLUS,https://t.freetv.fun/live/walla-plus.m3u8
ELta综合,http://free.cnlive.club/channel/n20929de1.m3u8
A PLUS,https://t.freetv.fun/live/mgm-plus-east.m3u8
ELTA体1,http://free.cnlive.club/channel/n6cd87fd.m3u8
A PLUS,https://t.freetv.fun/live/voyages-plus.m3u8
ELTA体2,http://free.cnlive.club/channel/n6cd87de.m3u8
A PLUS,https://t.freetv.fun/live/fifa-plus.m3u8
ELTA体3,http://free.cnlive.club/channel/n6cd87bf.m3u8
A PLUS,https://t.freetv.fun/live/in-touch-plus.m3u8
博斯无限,http://free.cnlive.club/channel/47dd89d5.m3u8
A PLUS,https://t.freetv.fun/live/enisei-plus-4.m3u8
博斯网球,http://free.cnlive.club/channel/4838e3b3.m3u8
A PLUS,https://t.freetv.fun/live/feniks-plus-kino.m3u8
博斯运动1,http://free.cnlive.club/channel/n3a1a5ced.m3u8
A PLUS,https://t.freetv.fun/live/auto-plus.m3u8
博斯运动2,http://free.cnlive.club/channel/n3a1a4bf9.m3u8
A PLUS,https://t.freetv.fun/live/illusion-plus.m3u8
博斯高球1,http://free.cnlive.club/channel/n34996e5a.m3u8
A PLUS,https://t.freetv.fun/live/veja-plus.m3u8
博斯高球2,http://free.cnlive.club/channel/n34995d66.m3u8
A PLUS,https://t.freetv.fun/live/game-plus-720p.m3u8
美食星球,http://free.cnlive.club/channel/5939fd4b.m3u8
A PLUS,https://t.freetv.fun/live/ch-ng-game-plus.m3u8
亚洲美食,http://free.cnlive.club/channel/4258879f.m3u8
A PLUS,https://t.freetv.fun/live/ch-ng-xy-plus.m3u8
亚洲旅游,http://free.cnlive.club/channel/852ca6f.m3u8
A PLUS,https://t.freetv.fun/live/ch-ng-xy-plus-24.m3u8
亚洲TLC,http://free.cnlive.club/channel/34964cb6.m3u8
A PLUS,https://t.freetv.fun/live/ch-ng-ros-xy-plus-12.m3u8
EYE-旅游,http://free.cnlive.club/channel/28efa38.m3u8
A PLUS,https://t.freetv.fun/live/ch-ng-xy-plus-6.m3u8
EYE-戏剧,http://free.cnlive.club/channel/27dadb3.m3u8
A PLUS,https://t.freetv.fun/live/ch-ng-kino-18-plus.m3u8
MTv高清,http://free.cnlive.club/channel/731620b3.m3u8
A PLUS,https://t.freetv.fun/live/ch-ng-xy-plus-2.m3u8
ARIRANG,http://free.cnlive.club/channel/5a358dea.m3u8
A PLUS,https://t.freetv.fun/live/ch-ng-vf-cartoon-18-plus.m3u8
