分类: 📺央视频道, 名称: CCTV-1, 有效: 1, IPv4: 1, IPv6: 0, 最小延迟: 937 ms, 最高速率: 4.22 M/s, 平均速率: 4.22 M/s, 最高分辨率: 1920x1080
分类: 📺央视频道, 名称: CCTV-3, 有效: 2, IPv4: 2, IPv6: 0, 最小延迟: 97 ms, 最高速率: 30.06 M/s, 平均速率: 17.25 M/s, 最高分辨率: 1920x1080
分类: 📺央视频道, 名称: CCTV-2, 有效: 3, IPv4: 3, IPv6: 0, 最小延迟: 1036 ms, 最高速率: 4.55 M/s, 平均速率: 3.73 M/s, 最高分辨率: 1920x1080
分类: 📺央视频道, 名称: CCTV-4, 有效: 2, IPv4: 2, IPv6: 0, 最小延迟: 887 ms, 最高速率: 4.74 M/s, 平均速率: 3.21 M/s, 最高分辨率: 1920x1080
分类: 📺央视频道, 名称: CCTV-7, 有效: 1, IPv4: 1, IPv6: 0, 最小延迟: 119 ms, 最高速率: 20.75 M/s, 平均速率: 20.75 M/s, 最高分辨率: 1920x1080
分类: 📺央视频道, 名称: CCTV-5, 有效: 2, IPv4: 3, IPv6: 0, 最小延迟: 222 ms, 最高速率: 4.72 M/s, 平均速率: 3.61 M/s, 最高分辨率: 1920x1080
分类: 📺央视频道, 名称: CCTV-5+, 有效: 1, IPv4: 1, IPv6: 0, 最小延迟: 2381 ms, 最高速率: 1.22 M/s, 平均速率: 1.22 M/s, 最高分辨率: 1920x1080
分类: 📺央视频道, 名称: CCTV-9, 有效: 2, IPv4: 2, IPv6: 0, 最小延迟: 1064 ms, 最高速率: 4.77 M/s, 平均速率: 3.51 M/s, 最高分辨率: 1920x1080
分类: 📺央视频道, 名称: CCTV-10, 有效: 1, IPv4: 1, IPv6: 0, 最小延迟: 1054 ms, 最高速率: 0.31 M/s, 平均速率: 0.31 M/s, 最高分辨率: 1280x720
分类: 📺央视频道, 名称: CCTV-11, 有效: 2, IPv4: 2, IPv6: 0, 最小延迟: 797 ms, 最高速率: 4.80 M/s, 平均速率: 2.79 M/s, 最高分辨率: 1280x720
分类: 📺央视频道, 名称: CCTV-8, 有效: 2, IPv4: 2, IPv6: 0, 最小延迟: 895 ms, 最高速率: 4.79 M/s, 平均速率: 3.60 M/s, 最高分辨率: 1920x1080
分类: 📺央视频道, 名称: CCTV-6, 有效: 2, IPv4: 2, IPv6: 0, 最小延迟: 909 ms, 最高速率: 4.54 M/s, 平均速率: 3.34 M/s, 最高分辨率: 1920x1080
分类: 📺央视频道, 名称: CCTV-13, 有效: 1, IPv4: 1, IPv6: 0, 最小延迟: 829 ms, 最高速率: 4.70 M/s, 平均速率: 4.70 M/s, 最高分辨率: 1920x1080
分类: 📺央视频道, 名称: CCTV-12, 有效: 2, IPv4: 2, IPv6: 0, 最小延迟: 938 ms, 最高速率: 4.76 M/s, 平均速率: 2.75 M/s, 最高分辨率: 1920x1080
分类: 📺央视频道, 名称: CCTV-14, 有效: 2, IPv4: 2, IPv6: 0, 最小延迟: 845 ms, 最高速率: 4.62 M/s, 平均速率: 2.69 M/s, 最高分辨率: 1920x1080
分类: 📺央视频道, 名称: CETV-1, 有效: 2, IPv4: 2, IPv6: 0, 最小延迟: 37 ms, 最高速率: 28.09 M/s, 平均速率: 22.40 M/s, 最高分辨率: 1920x1080
分类: 📺央视频道, 名称: CETV-2, 有效: 2, IPv4: 2, IPv6: 0, 最小延迟: 62 ms, 最高速率: 17.74 M/s, 平均速率: 16.54 M/s, 最高分辨率: 1920x1080
分类: 📺央视频道, 名称: CCTV-17, 有效: 1, IPv4: 1, IPv6: 0, 最小延迟: 862 ms, 最高速率: 7.97 M/s, 平均速率: 7.97 M/s, 最高分辨率: 1920x1080
分类: 📺央视频道, 名称: CCTV-16, 有效: 2, IPv4: 2, IPv6: 0, 最小延迟: 709 ms, 最高速率: 5.32 M/s, 平均速率: 4.52 M/s, 最高分辨率: 1920x1080
分类: 📺央视频道, 名称: CCTV-15, 有效: 2, IPv4: 3, IPv6: 0, 最小延迟: 746 ms, 最高速率: 8.13 M/s, 平均速率: 4.63 M/s, 最高分辨率: 1920x1080
分类: 📡卫视频道, 名称: 浙江卫视, 有效: 4, IPv4: 4, IPv6: 0, 最小延迟: 117 ms, 最高速率: 49.01 M/s, 平均速率: 15.44 M/s, 最高分辨率: 1920x1080
分类: 📡卫视频道, 名称: 湖北卫视, 有效: 2, IPv4: 2, IPv6: 0, 最小延迟: 1022 ms, 最高速率: 3.46 M/s, 平均速率: 2.19 M/s, 最高分辨率: 1920x1080
分类: 📡卫视频道, 名称: 黑龙江卫视, 有效: 1, IPv4: 1, IPv6: 0, 最小延迟: 505 ms, 最高速率: 6.63 M/s, 平均速率: 6.63 M/s, 最高分辨率: 1920x1080
分类: 📡卫视频道, 名称: 重庆卫视, 有效: 1, IPv4: 1, IPv6: 0, 最小延迟: 95 ms, 最高速率: 23.83 M/s, 平均速率: 23.83 M/s, 最高分辨率: 1920x1080
分类: 📡卫视频道, 名称: 湖南卫视, 有效: 3, IPv4: 4, IPv6: 0, 最小延迟: 441 ms, 最高速率: 7.82 M/s, 平均速率: 5.91 M/s, 最高分辨率: 3840x2160
分类: 📡卫视频道, 名称: 安徽卫视, 有效: 1, IPv4: 1, IPv6: 0, 最小延迟: 844 ms, 最高速率: 5.08 M/s, 平均速率: 5.08 M/s, 最高分辨率: 1920x1080
分类: 📡卫视频道, 名称: 东南卫视, 有效: 1, IPv4: 1, IPv6: 0, 最小延迟: 103 ms, 最高速率: 23.31 M/s, 平均速率: 23.31 M/s, 最高分辨率: 1920x1080
分类: 📡卫视频道, 名称: 北京卫视, 有效: 2, IPv4: 3, IPv6: 0, 最小延迟: 71 ms, 最高速率: 5.98 M/s, 平均速率: 3.49 M/s, 最高分辨率: 1920x1080
分类: 📡卫视频道, 名称: 东方卫视, 有效: 4, IPv4: 4, IPv6: 0, 最小延迟: 644 ms, 最高速率: 5.62 M/s, 平均速率: 2.99 M/s, 最高分辨率: 1920x1080
分类: 📡卫视频道, 名称: 广西卫视, 有效: 2, IPv4: 2, IPv6: 0, 最小延迟: 90 ms, 最高速率: 24.34 M/s, 平均速率: 22.32 M/s, 最高分辨率: 1920x1080
分类: 📡卫视频道, 名称: 贵州卫视, 有效: 2, IPv4: 2, IPv6: 0, 最小延迟: 120 ms, 最高速率: 19.68 M/s, 平均速率: 13.40 M/s, 最高分辨率: 1920x1080
分类: 📡卫视频道, 名称: 甘肃卫视, 有效: 1, IPv4: 1, IPv6: 0, 最小延迟: 1066 ms, 最高速率: 0.73 M/s, 平均速率: 0.73 M/s, 最高分辨率: 1920x1080
分类: 📡卫视频道, 名称: 河北卫视, 有效: 0, IPv4: 1, IPv6: 0, 最小延迟: 236 ms, 最高速率: 0.39 M/s, 平均速率: 0.00 M/s, 最高分辨率: 1920x1080
分类: 📡卫视频道, 名称: 吉林卫视, 有效: 1, IPv4: 1, IPv6: 0, 最小延迟: 1109 ms, 最高速率: 0.80 M/s, 平均速率: 0.80 M/s, 最高分辨率: 1920x1080
分类: 📡卫视频道, 名称: 河南卫视, 有效: 2, IPv4: 2, IPv6: 0, 最小延迟: 102 ms, 最高速率: 3.60 M/s, 平均速率: 3.41 M/s, 最高分辨率: 1920x1080
分类: 📡卫视频道, 名称: 江苏卫视, 有效: 2, IPv4: 2, IPv6: 0, 最小延迟: 478 ms, 最高速率: 7.26 M/s, 平均速率: 7.18 M/s, 最高分辨率: 1920x1080
分类: 📡卫视频道, 名称: 广东卫视, 有效: 2, IPv4: 3, IPv6: 0, 最小延迟: 124 ms, 最高速率: 23.35 M/s, 平均速率: 18.48 M/s, 最高分辨率: 1920x1080
分类: 📡卫视频道, 名称: 海南卫视, 有效: 2, IPv4: 2, IPv6: 0, 最小延迟: 1492 ms, 最高速率: 0.60 M/s, 平均速率: 0.57 M/s, 最高分辨率: 1920x1080
分类: 📡卫视频道, 名称: 宁夏卫视, 有效: 1, IPv4: 1, IPv6: 0, 最小延迟: 991 ms, 最高速率: 5.68 M/s, 平均速率: 5.68 M/s, 最高分辨率: 1920x1080
分类: 📡卫视频道, 名称: 江西卫视, 有效: 1, IPv4: 1, IPv6: 0, 最小延迟: 1218 ms, 最高速率: 4.30 M/s, 平均速率: 4.30 M/s, 最高分辨率: 1920x1080
分类: 📡卫视频道, 名称: 青海卫视, 有效: 1, IPv4: 1, IPv6: 0, 最小延迟: 1043 ms, 最高速率: 0.92 M/s, 平均速率: 0.92 M/s, 最高分辨率: 1920x1080
分类: 📡卫视频道, 名称: 陕西卫视, 有效: 2, IPv4: 2, IPv6: 0, 最小延迟: 525 ms, 最高速率: 10.29 M/s, 平均速率: 8.98 M/s, 最高分辨率: 1920x1080
分类: 📡卫视频道, 名称: 四川卫视, 有效: 0, IPv4: 1, IPv6: 0, 最小延迟: 71 ms, 最高速率: 1.39 M/s, 平均速率: 0.00 M/s, 最高分辨率: None
分类: 📡卫视频道, 名称: 三沙卫视, 有效: 3, IPv4: 3, IPv6: 0, 最小延迟: 1041 ms, 最高速率: 1.28 M/s, 平均速率: 0.68 M/s, 最高分辨率: 1920x1080
分类: 📡卫视频道, 名称: 深圳卫视, 有效: 4, IPv4: 4, IPv6: 0, 最小延迟: 441 ms, 最高速率: 12.05 M/s, 平均速率: 4.07 M/s, 最高分辨率: 1920x1080
分类: ☘️广东频道, 名称: 广州综合, 有效: 2, IPv4: 2, IPv6: 0, 最小延迟: 1186 ms, 最高速率: 0.62 M/s, 平均速率: 0.55 M/s, 最高分辨率: 1280x720
分类: ☘️广东频道, 名称: 汕头综合, 有效: 1, IPv4: 1, IPv6: 0, 最小延迟: 1666 ms, 最高速率: 1.00 M/s, 平均速率: 1.00 M/s, 最高分辨率: 1920x1080
分类: ☘️广东频道, 名称: 广州竞赛, 有效: 0, IPv4: 1, IPv6: 0, 最小延迟: -1 ms, 最高速率: 0.00 M/s, 平均速率: 0.00 M/s, 最高分辨率: 1280x720
